// Jest Snapshot v1, https://goo.gl/fbAQLP

exports[`getActionTypes getActionTypes 1`] = `
Object {
  "LOAD": "@region/LOAD",
  "RESET": "@region/RESET",
  "SET": "@region/SET",
}
`;

exports[`getActionTypes getActionTypes 2`] = `
Object {
  "LOAD": "@name/LOAD",
  "RESET": "@name/RESET",
  "SET": "@name/SET",
}
`;
